[saveweb2zip.com/en.html]
[saveweb2zip.com/css/allCss.min.css]
[backblue.gif]
[fade.gif]
[index.html]
[saveweb2zip.com/images/logo.svg]
[saveweb2zip.com/images/html.svg]
[mc.yandex.ru/metrika/tag.js]
[saveweb2zip.com/images/cssjavascript.svg]
[saveweb2zip.com/images/images.svg]
[saveweb2zip.com/images/fonts.svg]
[saveweb2zip.com/images/white-logo.svg]
[saveweb2zip.com/js/integrationsData.js]
[saveweb2zip.com/js/vue.min4.js]
[saveweb2zip.com/js/mainVue.js]
[saveweb2zip.com/en.html]
[www.googletagmanager.com/gtm5445.html]
[saveweb2zip.com/js/tooltip.js]
[saveweb2zip.com/images/select-arrow.svg]
[saveweb2zip.com/images/preloader.svg]
[saveweb2zip.com/fonts/garamondpremrpro-smbd-webfont.woff2]
[saveweb2zip.com/images/main-backgound.svg]
[saveweb2zip.com/fonts/garamondpremrpro-smbd-webfont.woff]
[saveweb2zip.com/fonts/Suitcase Type Foundry - Atyp Regular Variable.woff]
[saveweb2zip.com/fonts/Suitcase Type Foundry - Atyp Regular Variable.woff2]
[saveweb2zip.com/css/allCss.min.css]
[saveweb2zip.com/images/logo.svg]
[saveweb2zip.com/images/html.svg]
[saveweb2zip.com/images/cssjavascript.svg]
[saveweb2zip.com/images/images.svg]
[saveweb2zip.com/images/fonts.svg]
[saveweb2zip.com/index.html]
[saveweb2zip.com/images/white-logo.svg]
[saveweb2zip.com/images/main-backgound.svg]
[saveweb2zip.com/images/select-arrow.svg]
[saveweb2zip.com/images/preloader.svg]
[saveweb2zip.com/ru.html]
[saveweb2zip.com/ru.html]
